<options=bold>item-01.ext[</>group-namespace-name<options=bold>]</>

<fg=blue;options=bold>item-01.ext[</><fg=blue>group-namespace-name</><fg=blue;options=bold>]</>

<fg=white;bg=white;options=bold>item-01.ext[</><fg=white;bg=white>group-namespace-name</><fg=white;bg=white;options=bold>]</>

<options=bold>item-02.ext[</>group-namespace-name<options=bold>]</>

<fg=blue;options=bold>item-02.ext[</><fg=blue>group-namespace-name</><fg=blue;options=bold>]</>

<fg=white;bg=white;options=bold>item-02.ext[</><fg=white;bg=white>group-namespace-name</><fg=white;bg=white;options=bold>]</>

<options=bold>item-03.ext[</>group-namespace-name<options=bold>]</>

<fg=blue;options=bold>item-03.ext[</><fg=blue>group-namespace-name</><fg=blue;options=bold>]</>

<fg=white;bg=white;options=bold>item-03.ext[</><fg=white;bg=white>group-namespace-name</><fg=white;bg=white;options=bold>]</>

<options=bold>item-04.ext[</>group-namespace-name<options=bold>]</>

<fg=blue;options=bold>item-04.ext[</><fg=blue>group-namespace-name</><fg=blue;options=bold>]</>

<fg=white;bg=white;options=bold>item-04.ext[</><fg=white;bg=white>group-namespace-name</><fg=white;bg=white;options=bold>]</>

<options=bold>item-05.ext[</>group-namespace-name<options=bold>]</>

<fg=blue;options=bold>item-05.ext[</><fg=blue>group-namespace-name</><fg=blue;options=bold>]</>

<fg=white;bg=white;options=bold>item-05.ext[</><fg=white;bg=white>group-namespace-name</><fg=white;bg=white;options=bold>]</>

