
<fg=white;bg=black> <fg=white;bg=black>[ HEADER PAD ]</>                                                                                                         </>
<fg=white;bg=black>                                                                                                                        </>
<fg=white;bg=black> Integer euismod lacus luctus magna. Quisque cursus, metus vitae pharetra. Sed cursus ante dapibus diam. Nulla quis sem </>
<fg=white;bg=black> at sed nisi.                                                                                                           </>
<fg=white;bg=black> In vel mi sit amet augue congue elementum. Morbi in ipsum sit amet pede facilisis laoreet. Donec lacus nunc, viverra   </>
<fg=white;bg=black> nec, blandit vel, egestas et, augue. Vestibulum tincidunt malesuada tellus. Ut ultrices ultrices enim. Curabitur sit   </>
<fg=white;bg=black> amet mauris. Morbi in dui quis est pulvinar ullamcorper.                                                               </>
<fg=white;bg=black> Curabitur tortor. Pellentesque nibh. Aenean quam. In scelerisque sem at dolor. Maecenas mattis. Sed convallis          </>
<fg=white;bg=black> tristique sem. Proin ut ligula vel nunc egestas porttitor. Morbi lectus risus, iaculis vel, suscipit quis, luctus non, </>
<fg=white;bg=black> massa. Fusce ac turpis quis ligula lacinia aliquet. Mauris ipsum. Nulla metus metus, ullamcorper vel, tincidunt sed,   </>
<fg=white;bg=black> euismod in, nibh. Quisque volutpat condimentum velit. Class aptent taciti sociosqu ad litora torquent per conubia      </>
<fg=white;bg=black> nostra, per inceptos himenaeos. Nam nec ante. Sed lacinia, urna non tincidunt mattis, tortor neque adipiscing diam, a  </>
<fg=white;bg=black> cursus ipsum ante quis turpis. Nulla facilisi. Ut fringilla. Suspendisse potenti.                                      </>
<fg=white;bg=black> Fusce ac turpis quis ligula lacinia aliquet.                                                                           </>
<fg=white;bg=black> Mauris ipsum. Nulla metus metus, ullamcorper vel, tincidunt sed, euismod in, nibh. Quisque volutpat condimentum velit. </>
<fg=white;bg=black> Lorem ipsum dolor sit amet, consectetur adipiscing elit. Integer nec odio. Praesent libero. Sed cursus ante dapibus    </>
<fg=white;bg=black> diam. Sed nisi. Nulla quis sem at nibh elementum imperdiet. Duis sagittis ipsum. Praesent mauris. Fusce nec tellus sed </>
<fg=white;bg=black> augue semper porta. Mauris massa. Vestibulum lacinia arcu eget nulla. Class aptent taciti sociosqu ad litora torquent  </>
<fg=white;bg=black> per conubia nostra, per inceptos himenaeos. Curabitur sodales ligula in libero. Sed dignissim lacinia nunc. Curabitur  </>
<fg=white;bg=black> tortor. Pellentesque nibh. Aenean quam. In scelerisque sem at dolor. Maecenas mattis. Sed convallis tristique sem.     </>
<fg=white;bg=black> Proin ut ligula vel nunc egestas porttitor. Morbi lectus risus, iaculis vel, suscipit quis, luctus non, massa. Fusce   </>
<fg=white;bg=black> ac turpis quis ligula lacinia aliquet. Mauris ipsum. Nulla metus metus, ullamcorper vel, tincidunt sed, euismod in,    </>
<fg=white;bg=black> nibh. Quisque volutpat condimentum velit. Class aptent taciti sociosqu ad litora torquent per conubia nostra, per      </>
<fg=white;bg=black> inceptos himenaeos. Nam nec ante. Sed lacinia, urna non tincidunt mattis, tortor neque adipiscing diam, a cursus ipsum </>
<fg=white;bg=black> ante quis turpis. Nulla facilisi. Ut fringilla. Suspendisse potenti. Nunc feugiat mi a tellus consequat imperdiet.     </>
<fg=white;bg=black> Lorem ipsum dolor sit amet, consectetur adipiscing elit. Integer nec odio. Praesent libero. Sed cursus ante dapibus    </>
<fg=white;bg=black> diam. Sed nisi. Nulla quis sem at nibh elementum imperdiet. Duis sagittis ipsum. Praesent mauris. Fusce nec tellus sed </>
<fg=white;bg=black> augue semper porta. Mauris massa. Vestibulum lacinia arcu eget nulla. Class aptent taciti sociosqu ad litora torquent  </>
<fg=white;bg=black> per conubia nostra, per inceptos himenaeos. Curabitur sodales ligula in libero. Sed dignissim lacinia nunc. Curabitur  </>
<fg=white;bg=black> tortor. Pellentesque nibh. Aenean quam. In scelerisque sem at dolor. Maecenas mattis. Sed convallis tristique sem.     </>
<fg=white;bg=black> Proin ut ligula vel nunc egestas porttitor. Morbi lectus risus, iaculis vel, suscipit quis, luctus non, massa. Fusce   </>
<fg=white;bg=black> ac turpis quis ligula lacinia aliquet. Mauris ipsum. Nulla metus metus, ullamcorper vel, tincidunt sed, euismod in,    </>
<fg=white;bg=black> nibh. Quisque volutpat condimentum velit. Class aptent taciti sociosqu ad litora torquent per conubia nostra, per      </>
<fg=white;bg=black> inceptos himenaeos. Nam nec ante. Sed lacinia, urna non tincidunt mattis, tortor neque adipiscing diam, a cursus ipsum </>
<fg=white;bg=black> ante quis turpis. Nulla facilisi. Ut fringilla. Suspendisse potenti. Nunc feugiat mi a tellus consequat imperdiet.     </>
<fg=white;bg=black> Vestibulum sapien. Proin quam. Etiam ultrices. Suspendisse in justo eu magna luctus suscipit. Sed lectus. Integer      </>
<fg=white;bg=black> euismod lacus luctus magna. Quisque cursus, metus vitae pharetra auctor, sem massa mattis sem, at interdum magna augue </>
<fg=white;bg=black> eget diam. Vestibulum ante ipsum primis in faucibus orci luctus et ultrices posuere cubilia Curae; Morbi lacinia       </>
<fg=white;bg=black> molestie dui. Praesent blandit dolor. Sed non quam. In vel mi sit amet augue congue elementum. Morbi in ipsum sit amet </>
<fg=white;bg=black> pede facilisis laoreet. Donec lacus nunc, viverra nec, blandit vel, egestas et, augue. Vestibulum tincidunt malesuada  </>
<fg=white;bg=black> tellus. Ut ultrices ultrices enim. Curabitur sit amet mauris. Morbi in dui quis est pulvinar ullamcorper.              </>
<fg=white;bg=black> Quisque cursus, metus vitae pharetra auctor, sem massa mattis sem, at interdum magna augue eget diam.                  </>
<fg=white;bg=black> Sed dignissim lacinia nunc. Curabitur tortor. Pellentesque nibh. Aenean quam. In scelerisque sem at dolor. Maecenas    </>
<fg=white;bg=black> mattis. Sed convallis tristique sem. Proin ut ligula vel nunc egestas porttitor.                                       </>
<fg=white;bg=black> Morbi in ipsum sit amet pede facilisis laoreet.                                                                        </>

