
<fg=white;bg=black> <fg=white;bg=black>[HEADER COLUMN]</> Integer euismod lacus luctus magna. Quisque cursus, metus vitae pharetra. Sed cursus ante dapibus      </>
<fg=white;bg=black>                 diam. Nulla quis sem at sed nisi.                                                                      </>
<fg=white;bg=black>                 In vel mi sit amet augue congue elementum. Morbi in ipsum sit amet pede facilisis laoreet. Donec lacus </>
<fg=white;bg=black>                 nunc, viverra nec, blandit vel, egestas et, augue. Vestibulum tincidunt malesuada tellus. Ut ultrices  </>
<fg=white;bg=black>                 ultrices enim. Curabitur sit amet mauris. Morbi in dui quis est pulvinar ullamcorper.                  </>
<fg=white;bg=black>                 Curabitur tortor. Pellentesque nibh. Aenean quam. In scelerisque sem at dolor. Maecenas mattis. Sed    </>
<fg=white;bg=black>                 convallis tristique sem. Proin ut ligula vel nunc egestas porttitor. Morbi lectus risus, iaculis vel,  </>
<fg=white;bg=black>                 suscipit quis, luctus non, massa. Fusce ac turpis quis ligula lacinia aliquet. Mauris ipsum. Nulla     </>
<fg=white;bg=black>                 metus metus, ullamcorper vel, tincidunt sed, euismod in, nibh. Quisque volutpat condimentum velit.     </>
<fg=white;bg=black>                 Class aptent taciti sociosqu ad litora torquent per conubia nostra, per inceptos himenaeos. Nam nec    </>
<fg=white;bg=black>                 ante. Sed lacinia, urna non tincidunt mattis, tortor neque adipiscing diam, a cursus ipsum ante quis   </>
<fg=white;bg=black>                 turpis. Nulla facilisi. Ut fringilla. Suspendisse potenti.                                             </>
<fg=white;bg=black>                 Fusce ac turpis quis ligula lacinia aliquet.                                                           </>
<fg=white;bg=black>                 Mauris ipsum. Nulla metus metus, ullamcorper vel, tincidunt sed, euismod in, nibh. Quisque volutpat    </>
<fg=white;bg=black>                 condimentum velit.                                                                                     </>
<fg=white;bg=black>                 Lorem ipsum dolor sit amet, consectetur adipiscing elit. Integer nec odio. Praesent libero. Sed cursus </>
<fg=white;bg=black>                 ante dapibus diam. Sed nisi. Nulla quis sem at nibh elementum imperdiet. Duis sagittis ipsum. Praesent </>
<fg=white;bg=black>                 mauris. Fusce nec tellus sed augue semper porta. Mauris massa. Vestibulum lacinia arcu eget nulla.     </>
<fg=white;bg=black>                 Class aptent taciti sociosqu ad litora torquent per conubia nostra, per inceptos himenaeos. Curabitur  </>
<fg=white;bg=black>                 sodales ligula in libero. Sed dignissim lacinia nunc. Curabitur tortor. Pellentesque nibh. Aenean      </>
<fg=white;bg=black>                 quam. In scelerisque sem at dolor. Maecenas mattis. Sed convallis tristique sem. Proin ut ligula vel   </>
<fg=white;bg=black>                 nunc egestas porttitor. Morbi lectus risus, iaculis vel, suscipit quis, luctus non, massa. Fusce ac    </>
<fg=white;bg=black>                 turpis quis ligula lacinia aliquet. Mauris ipsum. Nulla metus metus, ullamcorper vel, tincidunt sed,   </>
<fg=white;bg=black>                 euismod in, nibh. Quisque volutpat condimentum velit. Class aptent taciti sociosqu ad litora torquent  </>
<fg=white;bg=black>                 per conubia nostra, per inceptos himenaeos. Nam nec ante. Sed lacinia, urna non tincidunt mattis,      </>
<fg=white;bg=black>                 tortor neque adipiscing diam, a cursus ipsum ante quis turpis. Nulla facilisi. Ut fringilla.           </>
<fg=white;bg=black>                 Suspendisse potenti. Nunc feugiat mi a tellus consequat imperdiet.                                     </>
<fg=white;bg=black>                 Lorem ipsum dolor sit amet, consectetur adipiscing elit. Integer nec odio. Praesent libero. Sed cursus </>
<fg=white;bg=black>                 ante dapibus diam. Sed nisi. Nulla quis sem at nibh elementum imperdiet. Duis sagittis ipsum. Praesent </>
<fg=white;bg=black>                 mauris. Fusce nec tellus sed augue semper porta. Mauris massa. Vestibulum lacinia arcu eget nulla.     </>
<fg=white;bg=black>                 Class aptent taciti sociosqu ad litora torquent per conubia nostra, per inceptos himenaeos. Curabitur  </>
<fg=white;bg=black>                 sodales ligula in libero. Sed dignissim lacinia nunc. Curabitur tortor. Pellentesque nibh. Aenean      </>
<fg=white;bg=black>                 quam. In scelerisque sem at dolor. Maecenas mattis. Sed convallis tristique sem. Proin ut ligula vel   </>
<fg=white;bg=black>                 nunc egestas porttitor. Morbi lectus risus, iaculis vel, suscipit quis, luctus non, massa. Fusce ac    </>
<fg=white;bg=black>                 turpis quis ligula lacinia aliquet. Mauris ipsum. Nulla metus metus, ullamcorper vel, tincidunt sed,   </>
<fg=white;bg=black>                 euismod in, nibh. Quisque volutpat condimentum velit. Class aptent taciti sociosqu ad litora torquent  </>
<fg=white;bg=black>                 per conubia nostra, per inceptos himenaeos. Nam nec ante. Sed lacinia, urna non tincidunt mattis,      </>
<fg=white;bg=black>                 tortor neque adipiscing diam, a cursus ipsum ante quis turpis. Nulla facilisi. Ut fringilla.           </>
<fg=white;bg=black>                 Suspendisse potenti. Nunc feugiat mi a tellus consequat imperdiet. Vestibulum sapien. Proin quam.      </>
<fg=white;bg=black>                 Etiam ultrices. Suspendisse in justo eu magna luctus suscipit. Sed lectus. Integer euismod lacus       </>
<fg=white;bg=black>                 luctus magna. Quisque cursus, metus vitae pharetra auctor, sem massa mattis sem, at interdum magna     </>
<fg=white;bg=black>                 augue eget diam. Vestibulum ante ipsum primis in faucibus orci luctus et ultrices posuere cubilia      </>
<fg=white;bg=black>                 Curae; Morbi lacinia molestie dui. Praesent blandit dolor. Sed non quam. In vel mi sit amet augue      </>
<fg=white;bg=black>                 congue elementum. Morbi in ipsum sit amet pede facilisis laoreet. Donec lacus nunc, viverra nec,       </>
<fg=white;bg=black>                 blandit vel, egestas et, augue. Vestibulum tincidunt malesuada tellus. Ut ultrices ultrices enim.      </>
<fg=white;bg=black>                 Curabitur sit amet mauris. Morbi in dui quis est pulvinar ullamcorper.                                 </>
<fg=white;bg=black>                 Quisque cursus, metus vitae pharetra auctor, sem massa mattis sem, at interdum magna augue eget diam.  </>
<fg=white;bg=black>                 Sed dignissim lacinia nunc. Curabitur tortor. Pellentesque nibh. Aenean quam. In scelerisque sem at    </>
<fg=white;bg=black>                 dolor. Maecenas mattis. Sed convallis tristique sem. Proin ut ligula vel nunc egestas porttitor.       </>
<fg=white;bg=black>                 Morbi in ipsum sit amet pede facilisis laoreet.                                                        </>

